<html>
<body>
<pre>
<h1>µVision Build Log</h1>
<h2>Tool Versions:</h2>
IDE-Version: ¦ÌVision V5.31.0.0
Copyright (C) 2020 ARM Ltd and ARM Germany GmbH. All rights reserved.
License Information:  ,  , LIC=EXJT4-F7HIS-TGZ7T-RI6KS-I6FJ6-5UQQY
 
Tool Versions:
Toolchain:       MDK-ARM Plus  Version: 5.31.0.0
Toolchain Path:  C:\Keil_v5\ARM\ARMCC\Bin
C Compiler:      Armcc.exe V5.06 update 6 (build 750)
Assembler:       Armasm.exe V5.06 update 6 (build 750)
Linker/Locator:  ArmLink.exe V5.06 update 6 (build 750)
Library Manager: ArmAr.exe V5.06 update 6 (build 750)
Hex Converter:   FromElf.exe V5.06 update 6 (build 750)
CPU DLL:         SARMCM3.DLL V5.31.0.0
Dialog DLL:      DCM.DLL V1.17.3.0
Target DLL:      STLink\ST-LINKIII-KEIL_SWO.dll V3.0.7.0
Dialog DLL:      TCM.DLL V1.46.0.0
 
<h2>Project:</h2>
E:\CZZ\STM32_OTA\double_app\bootloader_double_app\APP\MDK-ARM\BOOTLOADER.uvprojx
Project File Date:  07/21/2026

<h2>Output:</h2>
*** Using Compiler 'V5.06 update 6 (build 750)', folder: 'C:\Keil_v5\ARM\ARMCC\Bin'
Build target 'APP2'
assembling startup_stm32f103xe.s...
compiling main.c...
compiling stm32f1xx_hal_msp.c...
compiling gpio.c...
compiling stm32f1xx_hal.c...
compiling stm32f1xx_it.c...
compiling stm32f1xx_hal_cortex.c...
compiling stm32f1xx_hal_gpio_ex.c...
compiling usart.c...
compiling stm32f1xx_hal_rcc_ex.c...
compiling stm32f1xx_hal_pwr.c...
compiling stm32f1xx_hal_flash.c...
compiling stm32f1xx_hal_flash_ex.c...
compiling stm32f1xx_hal_gpio.c...
compiling stm32f1xx_hal_rcc.c...
compiling stm32f1xx_hal_dma.c...
compiling stm32f1xx_hal_uart.c...
compiling stm32f1xx_hal_exti.c...
compiling system_stm32f1xx.c...
compiling common.c...
compiling inter_flash_cfg.c...
..\BSP\inter_flash_cfg.c(227): warning:  #1-D: last line of file ends without a newline
  }
..\BSP\inter_flash_cfg.c: 1 warning, 0 errors
compiling ymodem_porting.c...
compiling inter_flashif.c...
..\BSP\inter_flashif.c(137): warning:  #1-D: last line of file ends without a newline
  }
..\BSP\inter_flashif.c: 1 warning, 0 errors
compiling my_jump.c...
..\BSP\my_jump.c(94): warning:  #1-D: last line of file ends without a newline
  }
..\BSP\my_jump.c: 1 warning, 0 errors
compiling ymodem.c...
..\BSP\ymodem.c(340): warning:  #550-D: variable "flashdestination"  was set but never used
      uint32_t flashdestination, ramsource, filesize;
..\BSP\ymodem.c(340): warning:  #550-D: variable "ramsource"  was set but never used
      uint32_t flashdestination, ramsource, filesize;
..\BSP\ymodem.c: 2 warnings, 0 errors
linking...
Program Size: Code=7912 RO-data=380 RW-data=24 ZI-data=1208  
FromELF: creating hex file...
After Build - User command #1: fromelf --bin -o ./APP2/APP2.bin ./APP2/APP2.axf
"./APP2/APP2.axf": Error: Q0122E: Could not open file './APP2/APP2.axf': No such file or directory
Finished: 0 information, 0 warning and 1 error messages.
"BOOTLOADER\APP2.axf" - 0 Error(s), 5 Warning(s).

<h2>Software Packages used:</h2>

Package Vendor: ARM
                http://www.keil.com/pack/ARM.CMSIS.5.7.0.pack
                ARM.CMSIS.5.7.0
                CMSIS (Cortex Microcontroller Software Interface Standard)
   * Component: CORE Version: 5.4.0

Package Vendor: Keil
                http://www.keil.com/pack/Keil.STM32F1xx_DFP.2.3.0.pack
                Keil.STM32F1xx_DFP.2.3.0
                STMicroelectronics STM32F1 Series Device Support, Drivers and Examples

<h2>Collection of Component include folders:</h2>
  .\RTE\_APP2
  C:\Users\SMART_HK\AppData\Local\Arm\Packs\ARM\CMSIS\5.7.0\CMSIS\Core\Include
  C:\Users\SMART_HK\AppData\Local\Arm\Packs\Keil\STM32F1xx_DFP\2.3.0\Device\Include

<h2>Collection of Component Files used:</h2>

   * Component: ARM::CMSIS:CORE:5.4.0
      Include file:  CMSIS\Core\Include\tz_context.h
Build Time Elapsed:  00:00:02
</pre>
</body>
</html>
